=== start Fri Aug 28 02:51:32 UTC 2026 ===
Warning: You are sending unauthenticated requests to the HF Hub. Please set a HF_TOKEN to enable higher rate limits and faster downloads.
Loading weights:   0%|          | 0/199 [00:00<?, ?it/s]Loading weights: 100%|██████████| 199/199 [00:00<00:00, 9651.89it/s]
Loading weights:   0%|          | 0/199 [00:00<?, ?it/s]Loading weights: 100%|██████████| 199/199 [00:00<00:00, 9112.88it/s]
medcpt ready
               total        used        free      shared  buff/cache   available
Mem:            15Gi       889Mi        10Gi       2.9Mi       4.4Gi        14Gi
Swap:             0B          0B          0B
=== B1 trec_2021 baseline Fri Aug 28 02:52:53 UTC 2026 ===

Evaluating trec_2021 (keyword)...
  Loading cached index for trec_2021...
  Gold coverage: 100.0% (5123/5124 gold positives in trec_2021 corpus, missing: 
1)
  Missing NCT IDs (first 10): ['NCT03595566']
Warning: You are sending unauthenticated requests to the HF Hub. Please set a HF_TOKEN to enable higher rate limits and faster downloads.
Loading weights:   0%|          | 0/199 [00:00<?, ?it/s]Loading weights: 100%|██████████| 199/199 [00:00<00:00, 8525.18it/s]
  recall@10: 0.0798  recall@50: 0.2859  MRR: 0.6257  p50: 974.0ms  n=75
wrote data/reports/chunkab_trec2021_baseline.json in 82.1s  tag=medcpt_excl
=== B1 rc=0 Fri Aug 28 02:54:16 UTC 2026 ===
               total        used        free      shared  buff/cache   available
Mem:            15Gi       667Mi        10Gi       2.9Mi       4.4Gi        14Gi
Swap:             0B          0B          0B
=== B2 trec_2021 chunked Fri Aug 28 02:54:16 UTC 2026 ===

Evaluating trec_2021 (keyword)...
  Building chunked index for trec_2021 (26149 trials -> 39455 passages)...
Warning: You are sending unauthenticated requests to the HF Hub. Please set a HF_TOKEN to enable higher rate limits and faster downloads.
Loading weights:   0%|          | 0/199 [00:00<?, ?it/s]Loading weights: 100%|██████████| 199/199 [00:00<00:00, 8260.34it/s]
    embedded 32/39455
    embedded 64/39455
    embedded 96/39455
    embedded 128/39455
    embedded 160/39455
    embedded 192/39455
    embedded 224/39455
    embedded 256/39455
    embedded 288/39455
    embedded 320/39455
    embedded 352/39455
    embedded 384/39455
    embedded 416/39455
    embedded 448/39455
    embedded 480/39455
    embedded 512/39455
    embedded 544/39455
    embedded 576/39455
    embedded 608/39455
    embedded 640/39455
    embedded 672/39455
    embedded 704/39455
    embedded 736/39455
    embedded 768/39455
    embedded 800/39455
    embedded 832/39455
    embedded 864/39455
    embedded 896/39455
    embedded 928/39455
    embedded 960/39455
    embedded 992/39455
    embedded 1024/39455
    embedded 1056/39455
    embedded 1088/39455
    embedded 1120/39455
    embedded 1152/39455
    embedded 1184/39455
    embedded 1216/39455
    embedded 1248/39455
    embedded 1280/39455
    embedded 1312/39455
    embedded 1344/39455
    embedded 1376/39455
    embedded 1408/39455
    embedded 1440/39455
    embedded 1472/39455
    embedded 1504/39455
    embedded 1536/39455
    embedded 1568/39455
    embedded 1600/39455
    embedded 1632/39455
    embedded 1664/39455
    embedded 1696/39455
    embedded 1728/39455
    embedded 1760/39455
    embedded 1792/39455
    embedded 1824/39455
    embedded 1856/39455
    embedded 1888/39455
    embedded 1920/39455
    embedded 1952/39455
    embedded 1984/39455
    embedded 2016/39455
    embedded 2048/39455
    embedded 2080/39455
    embedded 2112/39455
    embedded 2144/39455
    embedded 2176/39455
    embedded 2208/39455
    embedded 2240/39455
    embedded 2272/39455
    embedded 2304/39455
    embedded 2336/39455
    embedded 2368/39455
    embedded 2400/39455
    embedded 2432/39455
    embedded 2464/39455
    embedded 2496/39455
    embedded 2528/39455
    embedded 2560/39455
    embedded 2592/39455
    embedded 2624/39455
    embedded 2656/39455
    embedded 2688/39455
    embedded 2720/39455
    embedded 2752/39455
    embedded 2784/39455
    embedded 2816/39455
    embedded 2848/39455
    embedded 2880/39455
    embedded 2912/39455
    embedded 2944/39455
    embedded 2976/39455
    embedded 3008/39455
    embedded 3040/39455
    embedded 3072/39455
    embedded 3104/39455
    embedded 3136/39455
    embedded 3168/39455
    embedded 3200/39455
    embedded 3232/39455
    embedded 3264/39455
    embedded 3296/39455
    embedded 3328/39455
    embedded 3360/39455
    embedded 3392/39455
    embedded 3424/39455
    embedded 3456/39455
    embedded 3488/39455
    embedded 3520/39455
    embedded 3552/39455
    embedded 3584/39455
    embedded 3616/39455
    embedded 3648/39455
    embedded 3680/39455
    embedded 3712/39455
    embedded 3744/39455
    embedded 3776/39455
    embedded 3808/39455
    embedded 3840/39455
    embedded 3872/39455
    embedded 3904/39455
    embedded 3936/39455
    embedded 3968/39455
    embedded 4000/39455
    embedded 4032/39455
    embedded 4064/39455
    embedded 4096/39455
    embedded 4128/39455
    embedded 4160/39455
    embedded 4192/39455
    embedded 4224/39455
    embedded 4256/39455
    embedded 4288/39455
    embedded 4320/39455
    embedded 4352/39455
    embedded 4384/39455
    embedded 4416/39455
    embedded 4448/39455
    embedded 4480/39455
    embedded 4512/39455
    embedded 4544/39455
    embedded 4576/39455
    embedded 4608/39455
    embedded 4640/39455
    embedded 4672/39455
    embedded 4704/39455
    embedded 4736/39455
    embedded 4768/39455
    embedded 4800/39455
    embedded 4832/39455
    embedded 4864/39455
    embedded 4896/39455
    embedded 4928/39455
    embedded 4960/39455
    embedded 4992/39455
    embedded 5024/39455
    embedded 5056/39455
    embedded 5088/39455
    embedded 5120/39455
    embedded 5152/39455
    embedded 5184/39455
    embedded 5216/39455
    embedded 5248/39455
    embedded 5280/39455
    embedded 5312/39455
    embedded 5344/39455
    embedded 5376/39455
    embedded 5408/39455
    embedded 5440/39455
    embedded 5472/39455
    embedded 5504/39455
    embedded 5536/39455
    embedded 5568/39455
    embedded 5600/39455
    embedded 5632/39455
    embedded 5664/39455
    embedded 5696/39455
    embedded 5728/39455
    embedded 5760/39455
    embedded 5792/39455
    embedded 5824/39455
    embedded 5856/39455
    embedded 5888/39455
    embedded 5920/39455
    embedded 5952/39455
    embedded 5984/39455
    embedded 6016/39455
    embedded 6048/39455
    embedded 6080/39455
    embedded 6112/39455
    embedded 6144/39455
    embedded 6176/39455
    embedded 6208/39455
    embedded 6240/39455
    embedded 6272/39455
    embedded 6304/39455
    embedded 6336/39455
    embedded 6368/39455
    embedded 6400/39455
    embedded 6432/39455
    embedded 6464/39455
    embedded 6496/39455
    embedded 6528/39455
    embedded 6560/39455
    embedded 6592/39455
    embedded 6624/39455
    embedded 6656/39455
    embedded 6688/39455
    embedded 6720/39455
    embedded 6752/39455
    embedded 6784/39455
    embedded 6816/39455
    embedded 6848/39455
    embedded 6880/39455
    embedded 6912/39455
    embedded 6944/39455
    embedded 6976/39455
    embedded 7008/39455
    embedded 7040/39455
    embedded 7072/39455
    embedded 7104/39455
    embedded 7136/39455
    embedded 7168/39455
    embedded 7200/39455
    embedded 7232/39455
    embedded 7264/39455
    embedded 7296/39455
    embedded 7328/39455
    embedded 7360/39455
    embedded 7392/39455
    embedded 7424/39455
    embedded 7456/39455
    embedded 7488/39455
    embedded 7520/39455
    embedded 7552/39455
    embedded 7584/39455
    embedded 7616/39455
    embedded 7648/39455
    embedded 7680/39455
    embedded 7712/39455
    embedded 7744/39455
    embedded 7776/39455
    embedded 7808/39455
    embedded 7840/39455
    embedded 7872/39455
    embedded 7904/39455
    embedded 7936/39455
    embedded 7968/39455
    embedded 8000/39455
    embedded 8032/39455
    embedded 8064/39455
    embedded 8096/39455
    embedded 8128/39455
    embedded 8160/39455
    embedded 8192/39455
    embedded 8224/39455
    embedded 8256/39455
    embedded 8288/39455
    embedded 8320/39455
    embedded 8352/39455
    embedded 8384/39455
    embedded 8416/39455
    embedded 8448/39455
    embedded 8480/39455
    embedded 8512/39455
    embedded 8544/39455
    embedded 8576/39455
    embedded 8608/39455
    embedded 8640/39455
    embedded 8672/39455
    embedded 8704/39455
    embedded 8736/39455
    embedded 8768/39455
    embedded 8800/39455
    embedded 8832/39455
    embedded 8864/39455
    embedded 8896/39455
    embedded 8928/39455
    embedded 8960/39455
    embedded 8992/39455
    embedded 9024/39455
    embedded 9056/39455
    embedded 9088/39455
    embedded 9120/39455
    embedded 9152/39455
    embedded 9184/39455
    embedded 9216/39455
    embedded 9248/39455
    embedded 9280/39455
    embedded 9312/39455
    embedded 9344/39455
    embedded 9376/39455
    embedded 9408/39455
    embedded 9440/39455
    embedded 9472/39455
    embedded 9504/39455
    embedded 9536/39455
    embedded 9568/39455
    embedded 9600/39455
    embedded 9632/39455
    embedded 9664/39455
    embedded 9696/39455
    embedded 9728/39455
    embedded 9760/39455
    embedded 9792/39455
    embedded 9824/39455
    embedded 9856/39455
    embedded 9888/39455
    embedded 9920/39455
    embedded 9952/39455
    embedded 9984/39455
    embedded 10016/39455
    embedded 10048/39455
    embedded 10080/39455
    embedded 10112/39455
    embedded 10144/39455
    embedded 10176/39455
    embedded 10208/39455
    embedded 10240/39455
    embedded 10272/39455
    embedded 10304/39455
    embedded 10336/39455
    embedded 10368/39455
    embedded 10400/39455
    embedded 10432/39455
    embedded 10464/39455
    embedded 10496/39455
    embedded 10528/39455
    embedded 10560/39455
    embedded 10592/39455
    embedded 10624/39455
    embedded 10656/39455
    embedded 10688/39455
    embedded 10720/39455
    embedded 10752/39455
    embedded 10784/39455
    embedded 10816/39455
    embedded 10848/39455
    embedded 10880/39455
    embedded 10912/39455
    embedded 10944/39455
    embedded 10976/39455
    embedded 11008/39455
    embedded 11040/39455
    embedded 11072/39455
    embedded 11104/39455
    embedded 11136/39455
    embedded 11168/39455
    embedded 11200/39455
    embedded 11232/39455
    embedded 11264/39455
    embedded 11296/39455
    embedded 11328/39455
    embedded 11360/39455
    embedded 11392/39455
    embedded 11424/39455
    embedded 11456/39455
    embedded 11488/39455
    embedded 11520/39455
    embedded 11552/39455
    embedded 11584/39455
    embedded 11616/39455
    embedded 11648/39455
    embedded 11680/39455
    embedded 11712/39455
    embedded 11744/39455
    embedded 11776/39455
    embedded 11808/39455
    embedded 11840/39455
    embedded 11872/39455
    embedded 11904/39455
    embedded 11936/39455
    embedded 11968/39455
    embedded 12000/39455
    embedded 12032/39455
    embedded 12064/39455
    embedded 12096/39455
    embedded 12128/39455
    embedded 12160/39455
    embedded 12192/39455
    embedded 12224/39455
    embedded 12256/39455
    embedded 12288/39455
    embedded 12320/39455
    embedded 12352/39455
    embedded 12384/39455
    embedded 12416/39455
    embedded 12448/39455
    embedded 12480/39455
    embedded 12512/39455
    embedded 12544/39455
    embedded 12576/39455
    embedded 12608/39455
    embedded 12640/39455
    embedded 12672/39455
    embedded 12704/39455
    embedded 12736/39455
    embedded 12768/39455
    embedded 12800/39455
    embedded 12832/39455
    embedded 12864/39455
    embedded 12896/39455
    embedded 12928/39455
    embedded 12960/39455
    embedded 12992/39455
    embedded 13024/39455
    embedded 13056/39455
    embedded 13088/39455
    embedded 13120/39455
    embedded 13152/39455
    embedded 13184/39455
    embedded 13216/39455
    embedded 13248/39455
    embedded 13280/39455
    embedded 13312/39455
    embedded 13344/39455
    embedded 13376/39455
    embedded 13408/39455
    embedded 13440/39455
    embedded 13472/39455
    embedded 13504/39455
    embedded 13536/39455
    embedded 13568/39455
    embedded 13600/39455
    embedded 13632/39455
    embedded 13664/39455
    embedded 13696/39455
    embedded 13728/39455
    embedded 13760/39455
    embedded 13792/39455
    embedded 13824/39455
    embedded 13856/39455
    embedded 13888/39455
    embedded 13920/39455
    embedded 13952/39455
    embedded 13984/39455
    embedded 14016/39455
    embedded 14048/39455
    embedded 14080/39455
    embedded 14112/39455
    embedded 14144/39455
    embedded 14176/39455
    embedded 14208/39455
    embedded 14240/39455
    embedded 14272/39455
    embedded 14304/39455
    embedded 14336/39455
    embedded 14368/39455
    embedded 14400/39455
    embedded 14432/39455
    embedded 14464/39455
    embedded 14496/39455
    embedded 14528/39455
    embedded 14560/39455
    embedded 14592/39455
    embedded 14624/39455
    embedded 14656/39455
    embedded 14688/39455
    embedded 14720/39455
    embedded 14752/39455
    embedded 14784/39455
    embedded 14816/39455
    embedded 14848/39455
    embedded 14880/39455
    embedded 14912/39455
    embedded 14944/39455
    embedded 14976/39455
    embedded 15008/39455
    embedded 15040/39455
    embedded 15072/39455
    embedded 15104/39455
    embedded 15136/39455
    embedded 15168/39455
    embedded 15200/39455
    embedded 15232/39455
    embedded 15264/39455
    embedded 15296/39455
    embedded 15328/39455
    embedded 15360/39455
    embedded 15392/39455
    embedded 15424/39455
    embedded 15456/39455
    embedded 15488/39455
    embedded 15520/39455
    embedded 15552/39455
    embedded 15584/39455
    embedded 15616/39455
    embedded 15648/39455
    embedded 15680/39455
    embedded 15712/39455
    embedded 15744/39455
    embedded 15776/39455
    embedded 15808/39455
    embedded 15840/39455
    embedded 15872/39455
    embedded 15904/39455
    embedded 15936/39455
    embedded 15968/39455
    embedded 16000/39455
    embedded 16032/39455
    embedded 16064/39455
    embedded 16096/39455
    embedded 16128/39455
    embedded 16160/39455
    embedded 16192/39455
    embedded 16224/39455
    embedded 16256/39455
    embedded 16288/39455
    embedded 16320/39455
    embedded 16352/39455
    embedded 16384/39455
    embedded 16416/39455
    embedded 16448/39455
    embedded 16480/39455
    embedded 16512/39455
    embedded 16544/39455
    embedded 16576/39455
    embedded 16608/39455
    embedded 16640/39455
    embedded 16672/39455
    embedded 16704/39455
    embedded 16736/39455
    embedded 16768/39455
    embedded 16800/39455
    embedded 16832/39455
    embedded 16864/39455
    embedded 16896/39455
    embedded 16928/39455
    embedded 16960/39455
    embedded 16992/39455
    embedded 17024/39455
    embedded 17056/39455
    embedded 17088/39455
    embedded 17120/39455
    embedded 17152/39455
    embedded 17184/39455
    embedded 17216/39455
    embedded 17248/39455
    embedded 17280/39455
    embedded 17312/39455
    embedded 17344/39455
    embedded 17376/39455
    embedded 17408/39455
    embedded 17440/39455
    embedded 17472/39455
    embedded 17504/39455
    embedded 17536/39455
    embedded 17568/39455
    embedded 17600/39455
    embedded 17632/39455
    embedded 17664/39455
    embedded 17696/39455
    embedded 17728/39455
    embedded 17760/39455
    embedded 17792/39455
    embedded 17824/39455
    embedded 17856/39455
    embedded 17888/39455
    embedded 17920/39455
    embedded 17952/39455
    embedded 17984/39455
    embedded 18016/39455
    embedded 18048/39455
    embedded 18080/39455
    embedded 18112/39455
    embedded 18144/39455
    embedded 18176/39455
    embedded 18208/39455
    embedded 18240/39455
    embedded 18272/39455
    embedded 18304/39455
    embedded 18336/39455
    embedded 18368/39455
    embedded 18400/39455
    embedded 18432/39455
    embedded 18464/39455
    embedded 18496/39455
    embedded 18528/39455
    embedded 18560/39455
    embedded 18592/39455
    embedded 18624/39455
    embedded 18656/39455
    embedded 18688/39455
    embedded 18720/39455
    embedded 18752/39455
    embedded 18784/39455
    embedded 18816/39455
    embedded 18848/39455
    embedded 18880/39455
    embedded 18912/39455
    embedded 18944/39455
    embedded 18976/39455
    embedded 19008/39455
    embedded 19040/39455
    embedded 19072/39455
    embedded 19104/39455
    embedded 19136/39455
    embedded 19168/39455
    embedded 19200/39455
    embedded 19232/39455
    embedded 19264/39455
    embedded 19296/39455
    embedded 19328/39455
    embedded 19360/39455
    embedded 19392/39455
    embedded 19424/39455
    embedded 19456/39455
    embedded 19488/39455
    embedded 19520/39455
    embedded 19552/39455
    embedded 19584/39455
    embedded 19616/39455
    embedded 19648/39455
    embedded 19680/39455
    embedded 19712/39455
    embedded 19744/39455
    embedded 19776/39455
    embedded 19808/39455
    embedded 19840/39455
    embedded 19872/39455
    embedded 19904/39455
    embedded 19936/39455
    embedded 19968/39455
    embedded 20000/39455
    embedded 20032/39455
    embedded 20064/39455
    embedded 20096/39455
    embedded 20128/39455
    embedded 20160/39455
    embedded 20192/39455
    embedded 20224/39455
    embedded 20256/39455
    embedded 20288/39455
    embedded 20320/39455
    embedded 20352/39455
    embedded 20384/39455
    embedded 20416/39455
    embedded 20448/39455
    embedded 20480/39455
    embedded 20512/39455
    embedded 20544/39455
    embedded 20576/39455
    embedded 20608/39455
    embedded 20640/39455
    embedded 20672/39455
    embedded 20704/39455
    embedded 20736/39455
    embedded 20768/39455
    embedded 20800/39455
    embedded 20832/39455
    embedded 20864/39455
    embedded 20896/39455
    embedded 20928/39455
    embedded 20960/39455
    embedded 20992/39455
    embedded 21024/39455
    embedded 21056/39455
    embedded 21088/39455
    embedded 21120/39455
    embedded 21152/39455
    embedded 21184/39455
    embedded 21216/39455
    embedded 21248/39455
    embedded 21280/39455
    embedded 21312/39455
    embedded 21344/39455
    embedded 21376/39455
    embedded 21408/39455
    embedded 21440/39455
    embedded 21472/39455
    embedded 21504/39455
    embedded 21536/39455
    embedded 21568/39455
    embedded 21600/39455
    embedded 21632/39455
    embedded 21664/39455
    embedded 21696/39455
    embedded 21728/39455
    embedded 21760/39455
    embedded 21792/39455
    embedded 21824/39455
    embedded 21856/39455
    embedded 21888/39455
    embedded 21920/39455
    embedded 21952/39455
    embedded 21984/39455
    embedded 22016/39455
    embedded 22048/39455
    embedded 22080/39455
    embedded 22112/39455
    embedded 22144/39455
    embedded 22176/39455
    embedded 22208/39455
    embedded 22240/39455
    embedded 22272/39455
    embedded 22304/39455
    embedded 22336/39455
    embedded 22368/39455
    embedded 22400/39455
    embedded 22432/39455
    embedded 22464/39455
    embedded 22496/39455
    embedded 22528/39455
    embedded 22560/39455
    embedded 22592/39455
    embedded 22624/39455
    embedded 22656/39455
    embedded 22688/39455
    embedded 22720/39455
    embedded 22752/39455
    embedded 22784/39455
    embedded 22816/39455
    embedded 22848/39455
    embedded 22880/39455
    embedded 22912/39455
    embedded 22944/39455
    embedded 22976/39455
    embedded 23008/39455
    embedded 23040/39455
    embedded 23072/39455
    embedded 23104/39455
    embedded 23136/39455
    embedded 23168/39455
    embedded 23200/39455
    embedded 23232/39455
    embedded 23264/39455
    embedded 23296/39455
    embedded 23328/39455
    embedded 23360/39455
    embedded 23392/39455
    embedded 23424/39455
    embedded 23456/39455
    embedded 23488/39455
    embedded 23520/39455
    embedded 23552/39455
    embedded 23584/39455
    embedded 23616/39455
    embedded 23648/39455
    embedded 23680/39455
    embedded 23712/39455
    embedded 23744/39455
    embedded 23776/39455
    embedded 23808/39455
    embedded 23840/39455
    embedded 23872/39455
    embedded 23904/39455
    embedded 23936/39455
    embedded 23968/39455
    embedded 24000/39455
    embedded 24032/39455
    embedded 24064/39455
    embedded 24096/39455
    embedded 24128/39455
    embedded 24160/39455
    embedded 24192/39455
    embedded 24224/39455
    embedded 24256/39455
    embedded 24288/39455
    embedded 24320/39455
    embedded 24352/39455
    embedded 24384/39455
    embedded 24416/39455
    embedded 24448/39455
    embedded 24480/39455
    embedded 24512/39455
    embedded 24544/39455
    embedded 24576/39455
    embedded 24608/39455
    embedded 24640/39455
    embedded 24672/39455
    embedded 24704/39455
    embedded 24736/39455
    embedded 24768/39455
    embedded 24800/39455
    embedded 24832/39455
    embedded 24864/39455
    embedded 24896/39455
    embedded 24928/39455
    embedded 24960/39455
    embedded 24992/39455
    embedded 25024/39455
    embedded 25056/39455
    embedded 25088/39455
    embedded 25120/39455
    embedded 25152/39455
    embedded 25184/39455
    embedded 25216/39455
    embedded 25248/39455
    embedded 25280/39455
    embedded 25312/39455
    embedded 25344/39455
    embedded 25376/39455
    embedded 25408/39455
    embedded 25440/39455
    embedded 25472/39455
    embedded 25504/39455
    embedded 25536/39455
    embedded 25568/39455
    embedded 25600/39455
    embedded 25632/39455
    embedded 25664/39455
    embedded 25696/39455
    embedded 25728/39455
    embedded 25760/39455
    embedded 25792/39455
    embedded 25824/39455
    embedded 25856/39455
    embedded 25888/39455
    embedded 25920/39455
    embedded 25952/39455
    embedded 25984/39455
    embedded 26016/39455
    embedded 26048/39455
    embedded 26080/39455
    embedded 26112/39455
    embedded 26144/39455
    embedded 26176/39455
    embedded 26208/39455
    embedded 26240/39455
    embedded 26272/39455
    embedded 26304/39455
    embedded 26336/39455
    embedded 26368/39455
    embedded 26400/39455
    embedded 26432/39455
    embedded 26464/39455
    embedded 26496/39455
    embedded 26528/39455
    embedded 26560/39455
    embedded 26592/39455
    embedded 26624/39455
    embedded 26656/39455
    embedded 26688/39455
    embedded 26720/39455
    embedded 26752/39455
    embedded 26784/39455
    embedded 26816/39455
    embedded 26848/39455
    embedded 26880/39455
    embedded 26912/39455
    embedded 26944/39455
    embedded 26976/39455
    embedded 27008/39455
    embedded 27040/39455
    embedded 27072/39455
    embedded 27104/39455
    embedded 27136/39455
    embedded 27168/39455
    embedded 27200/39455
    embedded 27232/39455
    embedded 27264/39455
    embedded 27296/39455
    embedded 27328/39455
    embedded 27360/39455
    embedded 27392/39455
    embedded 27424/39455
    embedded 27456/39455
    embedded 27488/39455
    embedded 27520/39455
    embedded 27552/39455
    embedded 27584/39455
    embedded 27616/39455
    embedded 27648/39455
    embedded 27680/39455
    embedded 27712/39455
    embedded 27744/39455
    embedded 27776/39455
    embedded 27808/39455
    embedded 27840/39455
    embedded 27872/39455
    embedded 27904/39455
    embedded 27936/39455
    embedded 27968/39455
    embedded 28000/39455
    embedded 28032/39455
    embedded 28064/39455
    embedded 28096/39455
    embedded 28128/39455
    embedded 28160/39455
    embedded 28192/39455
    embedded 28224/39455
    embedded 28256/39455
    embedded 28288/39455
    embedded 28320/39455
    embedded 28352/39455
    embedded 28384/39455
    embedded 28416/39455
    embedded 28448/39455
    embedded 28480/39455
    embedded 28512/39455
    embedded 28544/39455
    embedded 28576/39455
    embedded 28608/39455
    embedded 28640/39455
    embedded 28672/39455
    embedded 28704/39455
    embedded 28736/39455
    embedded 28768/39455
    embedded 28800/39455
    embedded 28832/39455
    embedded 28864/39455
    embedded 28896/39455
    embedded 28928/39455
    embedded 28960/39455
    embedded 28992/39455
    embedded 29024/39455
    embedded 29056/39455
    embedded 29088/39455
    embedded 29120/39455
    embedded 29152/39455
    embedded 29184/39455
    embedded 29216/39455
    embedded 29248/39455
    embedded 29280/39455
    embedded 29312/39455
    embedded 29344/39455
    embedded 29376/39455
    embedded 29408/39455
    embedded 29440/39455
    embedded 29472/39455
    embedded 29504/39455
    embedded 29536/39455
    embedded 29568/39455
    embedded 29600/39455
    embedded 29632/39455
    embedded 29664/39455
    embedded 29696/39455
    embedded 29728/39455
    embedded 29760/39455
    embedded 29792/39455
    embedded 29824/39455
    embedded 29856/39455
    embedded 29888/39455
    embedded 29920/39455
    embedded 29952/39455
    embedded 29984/39455
    embedded 30016/39455
    embedded 30048/39455
    embedded 30080/39455
    embedded 30112/39455
    embedded 30144/39455
    embedded 30176/39455
    embedded 30208/39455
    embedded 30240/39455
    embedded 30272/39455
    embedded 30304/39455
    embedded 30336/39455
    embedded 30368/39455
    embedded 30400/39455
    embedded 30432/39455
    embedded 30464/39455
    embedded 30496/39455
    embedded 30528/39455
    embedded 30560/39455
    embedded 30592/39455
    embedded 30624/39455
    embedded 30656/39455
    embedded 30688/39455
    embedded 30720/39455
    embedded 30752/39455
    embedded 30784/39455
    embedded 30816/39455
    embedded 30848/39455
    embedded 30880/39455
    embedded 30912/39455
    embedded 30944/39455
    embedded 30976/39455
    embedded 31008/39455
    embedded 31040/39455
    embedded 31072/39455
    embedded 31104/39455
    embedded 31136/39455
    embedded 31168/39455
    embedded 31200/39455
    embedded 31232/39455
    embedded 31264/39455
    embedded 31296/39455
    embedded 31328/39455
    embedded 31360/39455
    embedded 31392/39455
    embedded 31424/39455
    embedded 31456/39455
    embedded 31488/39455
    embedded 31520/39455
    embedded 31552/39455
    embedded 31584/39455
    embedded 31616/39455
    embedded 31648/39455
    embedded 31680/39455
    embedded 31712/39455
    embedded 31744/39455
    embedded 31776/39455
    embedded 31808/39455
    embedded 31840/39455
    embedded 31872/39455
    embedded 31904/39455
    embedded 31936/39455
    embedded 31968/39455
    embedded 32000/39455
    embedded 32032/39455
    embedded 32064/39455
    embedded 32096/39455
    embedded 32128/39455
    embedded 32160/39455
    embedded 32192/39455
    embedded 32224/39455
    embedded 32256/39455
    embedded 32288/39455
    embedded 32320/39455
    embedded 32352/39455
    embedded 32384/39455
    embedded 32416/39455
    embedded 32448/39455
    embedded 32480/39455
    embedded 32512/39455
    embedded 32544/39455
    embedded 32576/39455
    embedded 32608/39455
    embedded 32640/39455
    embedded 32672/39455
    embedded 32704/39455
    embedded 32736/39455
    embedded 32768/39455
    embedded 32800/39455
    embedded 32832/39455
    embedded 32864/39455
    embedded 32896/39455
    embedded 32928/39455
    embedded 32960/39455
    embedded 32992/39455
    embedded 33024/39455
    embedded 33056/39455
    embedded 33088/39455
    embedded 33120/39455
    embedded 33152/39455
    embedded 33184/39455
    embedded 33216/39455
    embedded 33248/39455
    embedded 33280/39455
    embedded 33312/39455
    embedded 33344/39455
    embedded 33376/39455
    embedded 33408/39455
    embedded 33440/39455
    embedded 33472/39455
    embedded 33504/39455
    embedded 33536/39455
    embedded 33568/39455
    embedded 33600/39455
    embedded 33632/39455
    embedded 33664/39455
    embedded 33696/39455
    embedded 33728/39455
    embedded 33760/39455
    embedded 33792/39455
    embedded 33824/39455
    embedded 33856/39455
    embedded 33888/39455
    embedded 33920/39455
    embedded 33952/39455
    embedded 33984/39455
    embedded 34016/39455
    embedded 34048/39455
    embedded 34080/39455
    embedded 34112/39455
    embedded 34144/39455
    embedded 34176/39455
    embedded 34208/39455
    embedded 34240/39455
    embedded 34272/39455
    embedded 34304/39455
    embedded 34336/39455
    embedded 34368/39455
    embedded 34400/39455
    embedded 34432/39455
    embedded 34464/39455
    embedded 34496/39455
    embedded 34528/39455
    embedded 34560/39455
    embedded 34592/39455
    embedded 34624/39455
    embedded 34656/39455
    embedded 34688/39455
    embedded 34720/39455
    embedded 34752/39455
    embedded 34784/39455
    embedded 34816/39455
    embedded 34848/39455
    embedded 34880/39455
    embedded 34912/39455
    embedded 34944/39455
    embedded 34976/39455
    embedded 35008/39455
    embedded 35040/39455
    embedded 35072/39455
    embedded 35104/39455
    embedded 35136/39455
    embedded 35168/39455
    embedded 35200/39455
    embedded 35232/39455
    embedded 35264/39455
    embedded 35296/39455
    embedded 35328/39455
    embedded 35360/39455
    embedded 35392/39455
    embedded 35424/39455
    embedded 35456/39455
    embedded 35488/39455
    embedded 35520/39455
    embedded 35552/39455
    embedded 35584/39455
    embedded 35616/39455
    embedded 35648/39455
    embedded 35680/39455
    embedded 35712/39455
    embedded 35744/39455
    embedded 35776/39455
    embedded 35808/39455
    embedded 35840/39455
    embedded 35872/39455
    embedded 35904/39455
    embedded 35936/39455
    embedded 35968/39455
    embedded 36000/39455
    embedded 36032/39455
    embedded 36064/39455
    embedded 36096/39455
    embedded 36128/39455
    embedded 36160/39455
    embedded 36192/39455
    embedded 36224/39455
    embedded 36256/39455
    embedded 36288/39455
    embedded 36320/39455
    embedded 36352/39455
    embedded 36384/39455
    embedded 36416/39455
    embedded 36448/39455
    embedded 36480/39455
    embedded 36512/39455
    embedded 36544/39455
    embedded 36576/39455
    embedded 36608/39455
    embedded 36640/39455
    embedded 36672/39455
    embedded 36704/39455
    embedded 36736/39455
    embedded 36768/39455
    embedded 36800/39455
    embedded 36832/39455
    embedded 36864/39455
    embedded 36896/39455
    embedded 36928/39455
    embedded 36960/39455
    embedded 36992/39455
    embedded 37024/39455
    embedded 37056/39455
    embedded 37088/39455
    embedded 37120/39455
    embedded 37152/39455
    embedded 37184/39455
    embedded 37216/39455
    embedded 37248/39455
    embedded 37280/39455
    embedded 37312/39455
    embedded 37344/39455
    embedded 37376/39455
    embedded 37408/39455
    embedded 37440/39455
    embedded 37472/39455
    embedded 37504/39455
    embedded 37536/39455
    embedded 37568/39455
    embedded 37600/39455
    embedded 37632/39455
    embedded 37664/39455
    embedded 37696/39455
    embedded 37728/39455
    embedded 37760/39455
    embedded 37792/39455
    embedded 37824/39455
    embedded 37856/39455
    embedded 37888/39455
    embedded 37920/39455
    embedded 37952/39455
    embedded 37984/39455
    embedded 38016/39455
    embedded 38048/39455
    embedded 38080/39455
    embedded 38112/39455
    embedded 38144/39455
    embedded 38176/39455
    embedded 38208/39455
    embedded 38240/39455
    embedded 38272/39455
    embedded 38304/39455
    embedded 38336/39455
    embedded 38368/39455
    embedded 38400/39455
    embedded 38432/39455
    embedded 38464/39455
    embedded 38496/39455
    embedded 38528/39455
    embedded 38560/39455
    embedded 38592/39455
    embedded 38624/39455
    embedded 38656/39455
    embedded 38688/39455
    embedded 38720/39455
    embedded 38752/39455
    embedded 38784/39455
    embedded 38816/39455
    embedded 38848/39455
    embedded 38880/39455
    embedded 38912/39455
    embedded 38944/39455
    embedded 38976/39455
    embedded 39008/39455
    embedded 39040/39455
    embedded 39072/39455
    embedded 39104/39455
    embedded 39136/39455
    embedded 39168/39455
    embedded 39200/39455
    embedded 39232/39455
    embedded 39264/39455
    embedded 39296/39455
    embedded 39328/39455
    embedded 39360/39455
    embedded 39392/39455
    embedded 39424/39455
    embedded 39455/39455
  Index cached: data/indexes/trec_2021_medcpt_excl_chunked_embeddings.npy
  Gold coverage: 100.0% (5123/5124 gold positives in trec_2021 corpus, missing: 
1)
  Missing NCT IDs (first 10): ['NCT03595566']
Loading weights:   0%|          | 0/199 [00:00<?, ?it/s]Loading weights: 100%|██████████| 199/199 [00:00<00:00, 8629.72it/s]
  recall@10: 0.0781  recall@50: 0.2853  MRR: 0.6197  p50: 1030.1ms  n=75
wrote data/reports/chunkab_trec2021_chunked.json in 5596.7s  tag=medcpt_excl_chunked
=== B2 rc=0 Fri Aug 28 04:27:33 UTC 2026 ===
               total        used        free      shared  buff/cache   available
Mem:            15Gi       680Mi        10Gi       2.9Mi       4.5Gi        14Gi
Swap:             0B          0B          0B
=== A sigir end-to-end n=20 Fri Aug 28 04:27:33 UTC 2026 ===
End-to-end sigir · 20 patients · top-10
  Loading cached index for sigir...
Warning: You are sending unauthenticated requests to the HF Hub. Please set a HF_TOKEN to enable higher rate limits and faster downloads.
Loading weights:   0%|          | 0/199 [00:00<?, ?it/s]Loading weights: 100%|██████████| 199/199 [00:00<00:00, 9014.55it/s]
 patients scored              20        
 gold eligible trials         144       
 retrieval recall (ceiling)   0.1736    
 end-to-end recall            0.0139    
 agent loss                   0.1597    
 precision of 'eligible'      0.3333    
 criterion unverifiable rate  0.0087    
 trials assessed              200       
 cache coverage               1.0000    
 run cost                     $0.028078 

Report: data/reports/e2e_sigir_n20.json
=== A rc=0 Fri Aug 28 05:36:15 UTC 2026 ===
=== done Fri Aug 28 05:36:15 UTC 2026 ===
